03:05:16 **** Incremental Build of configuration Debug for project 12_timers ****
make -j8 all 
arm-none-eabi-gcc "../Src/main.c" -mcpu=cortex-m4 -std=gnu11 -g3 -DDEBUG -DNUCLEO_F411RE -DSTM32 -DSTM32F4 -DSTM32F411RETx -DSTM32F411xE -c -I../Inc -I"F:/stm/chip_headers" -I"F:/stm/chip_headers/CMSIS/Include" -I"F:/stm/chip_headers/CMSIS/Device/ST/STM32F4xx/Include" -O0 -ffunction-sections -fdata-sections -Wall -fstack-usage -MMD -MP -MF"Src/main.d" -MT"Src/main.o" --specs=nano.specs -mfpu=fpv4-sp-d16 -mfloat-abi=hard -mthumb -o "Src/main.o"
arm-none-eabi-gcc -o "12_timers.elf" @"objects.list"   -mcpu=cortex-m4 -T"F:\stm\12_timers\STM32F411RETX_FLASH.ld" --specs=nosys.specs -Wl,-Map="12_timers.map" -Wl,--gc-sections -static --specs=nano.specs -mfpu=fpv4-sp-d16 -mfloat-abi=hard -mthumb -Wl,--start-group -lc -lm -Wl,--end-group
Finished building target: 12_timers.elf
 
arm-none-eabi-objdump -h -S  12_timers.elf  > "12_timers.list"
arm-none-eabi-objcopy  -O binary  12_timers.elf  "12_timers.bin"
arm-none-eabi-size   12_timers.elf 
   text	   data	    bss	    dec	    hex	filename
    820	      8	   1568	   2396	    95c	12_timers.elf
Finished building: default.size.stdout
 
Finished building: 12_timers.bin
Finished building: 12_timers.list
 
 

03:05:16 Build Finished. 0 errors, 0 warnings. (took 425ms)

