13:49:04 **** Incremental Build of configuration Debug for project 1_button_led ****
make -j8 all 
arm-none-eabi-gcc "../Src/main.c" -mcpu=cortex-m4 -std=gnu11 -g3 -DDEBUG -DNUCLEO_F411RE -DSTM32 -DSTM32F4 -DSTM32F411RETx -DSTM32F411xE -c -I../Inc -I"F:/stm/chip_headers" -I"F:/stm/chip_headers/CMSIS/Include" -I"F:/stm/chip_headers/CMSIS/Device/ST/STM32F4xx/Include" -O0 -ffunction-sections -fdata-sections -Wall -fstack-usage -MMD -MP -MF"Src/main.d" -MT"Src/main.o" --specs=nano.specs -mfpu=fpv4-sp-d16 -mfloat-abi=hard -mthumb -o "Src/main.o"
arm-none-eabi-gcc -o "1_button_led.elf" @"objects.list"   -mcpu=cortex-m4 -T"F:\stm\1_button_led\STM32F411RETX_FLASH.ld" --specs=nosys.specs -Wl,-Map="1_button_led.map" -Wl,--gc-sections -static --specs=nano.specs -mfpu=fpv4-sp-d16 -mfloat-abi=hard -mthumb -Wl,--start-group -lc -lm -Wl,--end-group
Finished building target: 1_button_led.elf
 
arm-none-eabi-objdump -h -S  1_button_led.elf  > "1_button_led.list"
arm-none-eabi-objcopy  -O binary  1_button_led.elf  "1_button_led.bin"
arm-none-eabi-size   1_button_led.elf 
   text	   data	    bss	    dec	    hex	filename
    780	      8	   1568	   2356	    934	1_button_led.elf
Finished building: default.size.stdout
 
Finished building: 1_button_led.list
 
Finished building: 1_button_led.bin
 

13:49:05 Build Finished. 0 errors, 0 warnings. (took 549ms)

