01:00:44 **** Incremental Build of configuration Debug for project 6_uart_rx ****
make -j8 all 
arm-none-eabi-gcc "../Src/main.c" -mcpu=cortex-m4 -std=gnu11 -g3 -DDEBUG -DNUCLEO_F411RE -DSTM32 -DSTM32F4 -DSTM32F411RETx -DSTM32F411xE -c -I../Inc -I"F:/stm/chip_headers" -I"F:/stm/chip_headers/CMSIS/Include" -I"F:/stm/chip_headers/CMSIS/Device/ST/STM32F4xx/Include" -O0 -ffunction-sections -fdata-sections -Wall -fstack-usage -MMD -MP -MF"Src/main.d" -MT"Src/main.o" --specs=nano.specs -mfpu=fpv4-sp-d16 -mfloat-abi=hard -mthumb -o "Src/main.o"
arm-none-eabi-gcc -o "6_uart_rx.elf" @"objects.list"   -mcpu=cortex-m4 -T"F:\stm\6_uart_rx\STM32F411RETX_FLASH.ld" --specs=nosys.specs -Wl,-Map="6_uart_rx.map" -Wl,--gc-sections -static --specs=nano.specs -mfpu=fpv4-sp-d16 -mfloat-abi=hard -mthumb -Wl,--start-group -lc -lm -Wl,--end-group
Finished building target: 6_uart_rx.elf
 
arm-none-eabi-objdump -h -S  6_uart_rx.elf  > "6_uart_rx.list"
arm-none-eabi-objcopy  -O binary  6_uart_rx.elf  "6_uart_rx.bin"
arm-none-eabi-size   6_uart_rx.elf 
   text	   data	    bss	    dec	    hex	filename
   5552	    108	   1596	   7256	   1c58	6_uart_rx.elf
Finished building: default.size.stdout
 
Finished building: 6_uart_rx.bin
Finished building: 6_uart_rx.list
 
 

01:00:44 Build Finished. 0 errors, 0 warnings. (took 482ms)

