04:39:11 **** Incremental Build of configuration Debug for project 13_inputtimer ****
make -j8 all 
arm-none-eabi-gcc "../Src/main.c" -mcpu=cortex-m4 -std=gnu11 -g3 -DDEBUG -DNUCLEO_F411RE -DSTM32 -DSTM32F4 -DSTM32F411RETx -DSTM32F411xE -c -I../Inc -I"F:/stm/chip_headers" -I"F:/stm/chip_headers/CMSIS/Include" -I"F:/stm/chip_headers/CMSIS/Device/ST/STM32F4xx/Include" -O0 -ffunction-sections -fdata-sections -Wall -fstack-usage -MMD -MP -MF"Src/main.d" -MT"Src/main.o" --specs=nano.specs -mfpu=fpv4-sp-d16 -mfloat-abi=hard -mthumb -o "Src/main.o"
arm-none-eabi-gcc -o "13_inputtimer.elf" @"objects.list"   -mcpu=cortex-m4 -T"F:\stm\13_inputtimer\STM32F411RETX_FLASH.ld" --specs=nosys.specs -Wl,-Map="13_inputtimer.map" -Wl,--gc-sections -static --specs=nano.specs -mfpu=fpv4-sp-d16 -mfloat-abi=hard -mthumb -Wl,--start-group -lc -lm -Wl,--end-group
Finished building target: 13_inputtimer.elf
 
arm-none-eabi-size   13_inputtimer.elf 
arm-none-eabi-objdump -h -S  13_inputtimer.elf  > "13_inputtimer.list"
arm-none-eabi-objcopy  -O binary  13_inputtimer.elf  "13_inputtimer.bin"
   text	   data	    bss	    dec	    hex	filename
   1036	      8	   1568	   2612	    a34	13_inputtimer.elf
Finished building: default.size.stdout
 
Finished building: 13_inputtimer.list
 
Finished building: 13_inputtimer.bin
 
04:39:26 **** Incremental Build of configuration Debug for project 13_inputtimer ****
make -j8 all 
arm-none-eabi-size   13_inputtimer.elf 
   text	   data	    bss	    dec	    hex	filename
   1036	      8	   1568	   2612	    a34	13_inputtimer.elf
Finished building: default.size.stdout
 
